/Users/susmitgoswami/Downloads/untitled folder 2/venv/lib/python3.14/site-packages/pydantic/_internal/_config.py:383: UserWarning: Valid config keys have changed in V2:
* 'schema_extra' has been renamed to 'json_schema_extra'
  warnings.warn(message, UserWarning)
INFO:     Started server process [16400]
INFO:     Waiting for application startup.
INFO:     Application startup complete.
INFO:     Uvicorn running on http://0.0.0.0:8000 (Press CTRL+C to quit)
Model Loaded for Inference!
INFO:     127.0.0.1:50855 - "GET /docs HTTP/1.1" 200 OK
/Users/susmitgoswami/Downloads/untitled folder 2/venv/lib/python3.14/site-packages/pydantic/_internal/_config.py:383: UserWarning: Valid config keys have changed in V2:
* 'schema_extra' has been renamed to 'json_schema_extra'
  warnings.warn(message, UserWarning)
/Users/susmitgoswami/Downloads/untitled folder 2/venv/lib/python3.14/site-packages/pydantic/_internal/_config.py:383: UserWarning: Valid config keys have changed in V2:
* 'schema_extra' has been renamed to 'json_schema_extra'
  warnings.warn(message, UserWarning)
/Users/susmitgoswami/Downloads/untitled folder 2/venv/lib/python3.14/site-packages/pydantic/_internal/_config.py:383: UserWarning: Valid config keys have changed in V2:
* 'schema_extra' has been renamed to 'json_schema_extra'
  warnings.warn(message, UserWarning)
/Users/susmitgoswami/Downloads/untitled folder 2/venv/lib/python3.14/site-packages/pydantic/_internal/_config.py:383: UserWarning: Valid config keys have changed in V2:
* 'schema_extra' has been renamed to 'json_schema_extra'
  warnings.warn(message, UserWarning)
/Users/susmitgoswami/Downloads/untitled folder 2/venv/lib/python3.14/site-packages/pydantic/_internal/_config.py:383: UserWarning: Valid config keys have changed in V2:
* 'schema_extra' has been renamed to 'json_schema_extra'
  warnings.warn(message, UserWarning)
/Users/susmitgoswami/Downloads/untitled folder 2/venv/lib/python3.14/site-packages/pydantic/_internal/_config.py:383: UserWarning: Valid config keys have changed in V2:
* 'schema_extra' has been renamed to 'json_schema_extra'
  warnings.warn(message, UserWarning)
/Users/susmitgoswami/Downloads/untitled folder 2/venv/lib/python3.14/site-packages/pydantic/_internal/_config.py:383: UserWarning: Valid config keys have changed in V2:
* 'schema_extra' has been renamed to 'json_schema_extra'
  warnings.warn(message, UserWarning)
/Users/susmitgoswami/Downloads/untitled folder 2/venv/lib/python3.14/site-packages/pydantic/_internal/_config.py:383: UserWarning: Valid config keys have changed in V2:
* 'schema_extra' has been renamed to 'json_schema_extra'
  warnings.warn(message, UserWarning)
/Users/susmitgoswami/Downloads/untitled folder 2/venv/lib/python3.14/site-packages/pydantic/_internal/_config.py:383: UserWarning: Valid config keys have changed in V2:
* 'schema_extra' has been renamed to 'json_schema_extra'
  warnings.warn(message, UserWarning)
/Users/susmitgoswami/Downloads/untitled folder 2/venv/lib/python3.14/site-packages/pydantic/_internal/_config.py:383: UserWarning: Valid config keys have changed in V2:
* 'schema_extra' has been renamed to 'json_schema_extra'
  warnings.warn(message, UserWarning)
/Users/susmitgoswami/Downloads/untitled folder 2/venv/lib/python3.14/site-packages/pydantic/_internal/_config.py:383: UserWarning: Valid config keys have changed in V2:
* 'schema_extra' has been renamed to 'json_schema_extra'
  warnings.warn(message, UserWarning)
/Users/susmitgoswami/Downloads/untitled folder 2/venv/lib/python3.14/site-packages/pydantic/_internal/_config.py:383: UserWarning: Valid config keys have changed in V2:
* 'schema_extra' has been renamed to 'json_schema_extra'
  warnings.warn(message, UserWarning)
/Users/susmitgoswami/Downloads/untitled folder 2/venv/lib/python3.14/site-packages/pydantic/_internal/_config.py:383: UserWarning: Valid config keys have changed in V2:
* 'schema_extra' has been renamed to 'json_schema_extra'
  warnings.warn(message, UserWarning)
/Users/susmitgoswami/Downloads/untitled folder 2/venv/lib/python3.14/site-packages/pydantic/_internal/_config.py:383: UserWarning: Valid config keys have changed in V2:
* 'schema_extra' has been renamed to 'json_schema_extra'
  warnings.warn(message, UserWarning)
/Users/susmitgoswami/Downloads/untitled folder 2/venv/lib/python3.14/site-packages/pydantic/_internal/_config.py:383: UserWarning: Valid config keys have changed in V2:
* 'schema_extra' has been renamed to 'json_schema_extra'
  warnings.warn(message, UserWarning)
/Users/susmitgoswami/Downloads/untitled folder 2/venv/lib/python3.14/site-packages/pydantic/_internal/_config.py:383: UserWarning: Valid config keys have changed in V2:
* 'schema_extra' has been renamed to 'json_schema_extra'
  warnings.warn(message, UserWarning)
/Users/susmitgoswami/Downloads/untitled folder 2/venv/lib/python3.14/site-packages/pydantic/_internal/_config.py:383: UserWarning: Valid config keys have changed in V2:
* 'schema_extra' has been renamed to 'json_schema_extra'
  warnings.warn(message, UserWarning)
/Users/susmitgoswami/Downloads/untitled folder 2/venv/lib/python3.14/site-packages/pydantic/_internal/_config.py:383: UserWarning: Valid config keys have changed in V2:
* 'schema_extra' has been renamed to 'json_schema_extra'
  warnings.warn(message, UserWarning)
/Users/susmitgoswami/Downloads/untitled folder 2/venv/lib/python3.14/site-packages/pydantic/_internal/_config.py:383: UserWarning: Valid config keys have changed in V2:
* 'schema_extra' has been renamed to 'json_schema_extra'
  warnings.warn(message, UserWarning)
/Users/susmitgoswami/Downloads/untitled folder 2/venv/lib/python3.14/site-packages/pydantic/_internal/_config.py:383: UserWarning: Valid config keys have changed in V2:
* 'schema_extra' has been renamed to 'json_schema_extra'
  warnings.warn(message, UserWarning)
INFO:     127.0.0.1:50855 - "GET /openapi.json HTTP/1.1" 200 OK
INFO:     127.0.0.1:50856 - "GET /apple-touch-icon-precomposed.png HTTP/1.1" 404 Not Found
INFO:     127.0.0.1:50856 - "GET /apple-touch-icon.png HTTP/1.1" 404 Not Found
INFO:     127.0.0.1:52500 - "POST /explain HTTP/1.1" 404 Not Found
INFO:     127.0.0.1:52501 - "POST /explain HTTP/1.1" 404 Not Found
INFO:     127.0.0.1:52502 - "GET /metrics HTTP/1.1" 307 Temporary Redirect
INFO:     127.0.0.1:52502 - "GET /metrics/ HTTP/1.1" 200 OK
INFO:     127.0.0.1:52511 - "GET /metrics HTTP/1.1" 307 Temporary Redirect
INFO:     127.0.0.1:52511 - "GET /metrics/ HTTP/1.1" 200 OK
INFO:     127.0.0.1:52966 - "GET /metrics HTTP/1.1" 307 Temporary Redirect
INFO:     127.0.0.1:52966 - "GET /metrics/ HTTP/1.1" 200 OK
